2025-01-12 00:46:55,213 - INFO - TRAIN phase
2025-01-12 00:46:55,654 - INFO - Epoch 0 - TRAIN - Batch 0 - Loss = 0.701 | AUROC = 0.494
2025-01-12 00:46:57,441 - INFO - Epoch 0 - TRAIN - Batch 10 - Loss = 0.345 | AUROC = 0.526
2025-01-12 00:46:59,190 - INFO - Epoch 0 - TRAIN - Batch 20 - Loss = 0.281 | AUROC = 0.528
2025-01-12 00:47:00,963 - INFO - Epoch 0 - TRAIN - Batch 30 - Loss = 0.279 | AUROC = 0.521
2025-01-12 00:47:02,711 - INFO - Epoch 0 - TRAIN - Batch 40 - Loss = 0.268 | AUROC = 0.55
2025-01-12 00:47:04,448 - INFO - Epoch 0 - TRAIN - Batch 50 - Loss = 0.263 | AUROC = 0.588
2025-01-12 00:47:06,198 - INFO - Epoch 0 - TRAIN - Batch 60 - Loss = 0.262 | AUROC = 0.566
2025-01-12 00:47:08,015 - INFO - Epoch 0 - TRAIN - Batch 70 - Loss = 0.256 | AUROC = 0.549
2025-01-12 00:47:09,800 - INFO - Epoch 0 - TRAIN - Batch 80 - Loss = 0.246 | AUROC = 0.59
2025-01-12 00:47:11,555 - INFO - Epoch 0 - TRAIN - Batch 90 - Loss = 0.258 | AUROC = 0.644
2025-01-12 00:47:13,233 - INFO - Epoch 0 - TRAIN - Batch 100 - Loss = 0.258 | AUROC = 0.582
2025-01-12 00:47:14,992 - INFO - Epoch 0 - TRAIN - Batch 110 - Loss = 0.255 | AUROC = 0.583
2025-01-12 00:47:16,688 - INFO - Epoch 0 - TRAIN - Batch 120 - Loss = 0.242 | AUROC = 0.668
2025-01-12 00:47:18,362 - INFO - Epoch 0 - TRAIN - Batch 130 - Loss = 0.254 | AUROC = 0.656
2025-01-12 00:47:20,060 - INFO - Epoch 0 - TRAIN - Batch 140 - Loss = 0.245 | AUROC = 0.645
2025-01-12 00:47:21,739 - INFO - Epoch 0 - TRAIN - Batch 150 - Loss = 0.246 | AUROC = 0.622
2025-01-12 00:47:23,401 - INFO - Epoch 0 - TRAIN - Batch 160 - Loss = 0.238 | AUROC = 0.732
2025-01-12 00:47:25,093 - INFO - Epoch 0 - TRAIN - Batch 170 - Loss = 0.264 | AUROC = 0.65
2025-01-12 00:47:26,761 - INFO - Epoch 0 - TRAIN - Batch 180 - Loss = 0.267 | AUROC = 0.604
2025-01-12 00:47:28,423 - INFO - Epoch 0 - TRAIN - Batch 190 - Loss = 0.254 | AUROC = 0.643
2025-01-12 00:47:30,004 - INFO - Epoch 0 - TRAIN - Batch 200 - Loss = 0.214 | AUROC = 0.732
2025-01-12 00:47:30,005 - INFO - VAL phase
2025-01-12 00:47:30,110 - INFO - Epoch 0 - VAL - Batch 0 - Loss = 0.251 | AUROC = 0.557
2025-01-12 00:47:30,898 - INFO - Epoch 0 - VAL - Batch 10 - Loss = 0.246 | AUROC = 0.659
2025-01-12 00:47:31,686 - INFO - Epoch 0 - VAL - Batch 20 - Loss = 0.252 | AUROC = 0.543
2025-01-12 00:47:32,474 - INFO - Epoch 0 - VAL - Batch 30 - Loss = 0.249 | AUROC = 0.649
2025-01-12 00:47:33,257 - INFO - Epoch 0 - VAL - Batch 40 - Loss = 0.248 | AUROC = 0.688
2025-01-12 00:47:34,039 - INFO - Epoch 0 - VAL - Batch 50 - Loss = 0.245 | AUROC = 0.631
2025-01-12 00:47:34,821 - INFO - Epoch 0 - VAL - Batch 60 - Loss = 0.262 | AUROC = 0.575
2025-01-12 00:47:35,604 - INFO - Epoch 0 - VAL - Batch 70 - Loss = 0.267 | AUROC = 0.653
2025-01-12 00:47:36,409 - INFO - Epoch 0 - VAL - Batch 80 - Loss = 0.245 | AUROC = 0.657
2025-01-12 00:47:37,190 - INFO - Epoch 0 - VAL - Batch 90 - Loss = 0.238 | AUROC = 0.617
2025-01-12 00:47:37,980 - INFO - Epoch 0 - VAL - Batch 100 - Loss = 0.265 | AUROC = 0.818
2025-01-12 00:47:38,074 - INFO - TRAIN phase
2025-01-12 00:47:38,237 - INFO - Epoch 1 - TRAIN - Batch 0 - Loss = 0.225 | AUROC = 0.714
2025-01-12 00:47:39,980 - INFO - Epoch 1 - TRAIN - Batch 10 - Loss = 0.257 | AUROC = 0.621
2025-01-12 00:47:41,674 - INFO - Epoch 1 - TRAIN - Batch 20 - Loss = 0.261 | AUROC = 0.638
2025-01-12 00:47:43,353 - INFO - Epoch 1 - TRAIN - Batch 30 - Loss = 0.245 | AUROC = 0.682
2025-01-12 00:47:45,066 - INFO - Epoch 1 - TRAIN - Batch 40 - Loss = 0.254 | AUROC = 0.683
2025-01-12 00:47:46,760 - INFO - Epoch 1 - TRAIN - Batch 50 - Loss = 0.254 | AUROC = 0.704
2025-01-12 00:47:48,462 - INFO - Epoch 1 - TRAIN - Batch 60 - Loss = 0.243 | AUROC = 0.672
2025-01-12 00:47:50,140 - INFO - Epoch 1 - TRAIN - Batch 70 - Loss = 0.258 | AUROC = 0.61
2025-01-12 00:47:51,827 - INFO - Epoch 1 - TRAIN - Batch 80 - Loss = 0.249 | AUROC = 0.656
2025-01-12 00:47:53,517 - INFO - Epoch 1 - TRAIN - Batch 90 - Loss = 0.253 | AUROC = 0.652
2025-01-12 00:47:55,202 - INFO - Epoch 1 - TRAIN - Batch 100 - Loss = 0.252 | AUROC = 0.648
2025-01-12 00:47:56,880 - INFO - Epoch 1 - TRAIN - Batch 110 - Loss = 0.251 | AUROC = 0.672
2025-01-12 00:47:58,559 - INFO - Epoch 1 - TRAIN - Batch 120 - Loss = 0.244 | AUROC = 0.64
2025-01-12 00:48:00,249 - INFO - Epoch 1 - TRAIN - Batch 130 - Loss = 0.246 | AUROC = 0.624
2025-01-12 00:48:01,992 - INFO - Epoch 1 - TRAIN - Batch 140 - Loss = 0.251 | AUROC = 0.592
2025-01-12 00:48:03,674 - INFO - Epoch 1 - TRAIN - Batch 150 - Loss = 0.237 | AUROC = 0.772
2025-01-12 00:48:05,357 - INFO - Epoch 1 - TRAIN - Batch 160 - Loss = 0.242 | AUROC = 0.736
2025-01-12 00:48:07,040 - INFO - Epoch 1 - TRAIN - Batch 170 - Loss = 0.246 | AUROC = 0.63
2025-01-12 00:48:08,725 - INFO - Epoch 1 - TRAIN - Batch 180 - Loss = 0.251 | AUROC = 0.674
2025-01-12 00:48:10,429 - INFO - Epoch 1 - TRAIN - Batch 190 - Loss = 0.247 | AUROC = 0.726
2025-01-12 00:48:12,006 - INFO - Epoch 1 - TRAIN - Batch 200 - Loss = 0.22 | AUROC = 0.685
2025-01-12 00:48:12,007 - INFO - VAL phase
2025-01-12 00:48:12,094 - INFO - Epoch 1 - VAL - Batch 0 - Loss = 0.24 | AUROC = 0.645
2025-01-12 00:48:12,881 - INFO - Epoch 1 - VAL - Batch 10 - Loss = 0.256 | AUROC = 0.658
2025-01-12 00:48:13,660 - INFO - Epoch 1 - VAL - Batch 20 - Loss = 0.252 | AUROC = 0.573
2025-01-12 00:48:14,436 - INFO - Epoch 1 - VAL - Batch 30 - Loss = 0.249 | AUROC = 0.667
2025-01-12 00:48:15,212 - INFO - Epoch 1 - VAL - Batch 40 - Loss = 0.23 | AUROC = 0.699
2025-01-12 00:48:16,007 - INFO - Epoch 1 - VAL - Batch 50 - Loss = 0.238 | AUROC = 0.648
2025-01-12 00:48:16,788 - INFO - Epoch 1 - VAL - Batch 60 - Loss = 0.263 | AUROC = 0.572
2025-01-12 00:48:17,575 - INFO - Epoch 1 - VAL - Batch 70 - Loss = 0.259 | AUROC = 0.682
2025-01-12 00:48:18,362 - INFO - Epoch 1 - VAL - Batch 80 - Loss = 0.243 | AUROC = 0.661
2025-01-12 00:48:19,157 - INFO - Epoch 1 - VAL - Batch 90 - Loss = 0.232 | AUROC = 0.633
2025-01-12 00:48:19,891 - INFO - Epoch 1 - VAL - Batch 100 - Loss = 0.259 | AUROC = 0.884
2025-01-12 00:48:19,975 - INFO - TRAIN phase
2025-01-12 00:48:20,145 - INFO - Epoch 2 - TRAIN - Batch 0 - Loss = 0.248 | AUROC = 0.615
2025-01-12 00:48:21,898 - INFO - Epoch 2 - TRAIN - Batch 10 - Loss = 0.229 | AUROC = 0.776
2025-01-12 00:48:23,617 - INFO - Epoch 2 - TRAIN - Batch 20 - Loss = 0.252 | AUROC = 0.704
2025-01-12 00:48:25,351 - INFO - Epoch 2 - TRAIN - Batch 30 - Loss = 0.252 | AUROC = 0.705
2025-01-12 00:48:27,064 - INFO - Epoch 2 - TRAIN - Batch 40 - Loss = 0.247 | AUROC = 0.725
2025-01-12 00:48:28,781 - INFO - Epoch 2 - TRAIN - Batch 50 - Loss = 0.231 | AUROC = 0.726
2025-01-12 00:48:30,481 - INFO - Epoch 2 - TRAIN - Batch 60 - Loss = 0.247 | AUROC = 0.715
2025-01-12 00:48:32,165 - INFO - Epoch 2 - TRAIN - Batch 70 - Loss = 0.235 | AUROC = 0.762
2025-01-12 00:48:33,877 - INFO - Epoch 2 - TRAIN - Batch 80 - Loss = 0.244 | AUROC = 0.68
2025-01-12 00:48:35,565 - INFO - Epoch 2 - TRAIN - Batch 90 - Loss = 0.239 | AUROC = 0.743
2025-01-12 00:48:37,252 - INFO - Epoch 2 - TRAIN - Batch 100 - Loss = 0.246 | AUROC = 0.733
2025-01-12 00:48:38,938 - INFO - Epoch 2 - TRAIN - Batch 110 - Loss = 0.253 | AUROC = 0.671
2025-01-12 00:48:40,626 - INFO - Epoch 2 - TRAIN - Batch 120 - Loss = 0.245 | AUROC = 0.66
2025-01-12 00:48:42,297 - INFO - Epoch 2 - TRAIN - Batch 130 - Loss = 0.249 | AUROC = 0.693
2025-01-12 00:48:43,952 - INFO - Epoch 2 - TRAIN - Batch 140 - Loss = 0.244 | AUROC = 0.757
2025-01-12 00:48:45,611 - INFO - Epoch 2 - TRAIN - Batch 150 - Loss = 0.237 | AUROC = 0.712
2025-01-12 00:48:47,278 - INFO - Epoch 2 - TRAIN - Batch 160 - Loss = 0.24 | AUROC = 0.686
2025-01-12 00:48:48,938 - INFO - Epoch 2 - TRAIN - Batch 170 - Loss = 0.244 | AUROC = 0.699
2025-01-12 00:48:50,605 - INFO - Epoch 2 - TRAIN - Batch 180 - Loss = 0.242 | AUROC = 0.724
2025-01-12 00:48:52,274 - INFO - Epoch 2 - TRAIN - Batch 190 - Loss = 0.228 | AUROC = 0.716
2025-01-12 00:48:53,854 - INFO - Epoch 2 - TRAIN - Batch 200 - Loss = 0.265 | AUROC = 0.657
2025-01-12 00:48:53,855 - INFO - VAL phase
2025-01-12 00:48:53,935 - INFO - Epoch 2 - VAL - Batch 0 - Loss = 0.242 | AUROC = 0.655
2025-01-12 00:48:54,733 - INFO - Epoch 2 - VAL - Batch 10 - Loss = 0.26 | AUROC = 0.644
2025-01-12 00:48:55,521 - INFO - Epoch 2 - VAL - Batch 20 - Loss = 0.246 | AUROC = 0.587
2025-01-12 00:48:56,317 - INFO - Epoch 2 - VAL - Batch 30 - Loss = 0.24 | AUROC = 0.681
2025-01-12 00:48:57,124 - INFO - Epoch 2 - VAL - Batch 40 - Loss = 0.237 | AUROC = 0.724
2025-01-12 00:48:57,894 - INFO - Epoch 2 - VAL - Batch 50 - Loss = 0.24 | AUROC = 0.614
2025-01-12 00:48:58,667 - INFO - Epoch 2 - VAL - Batch 60 - Loss = 0.255 | AUROC = 0.569
2025-01-12 00:48:59,445 - INFO - Epoch 2 - VAL - Batch 70 - Loss = 0.268 | AUROC = 0.661
2025-01-12 00:49:00,219 - INFO - Epoch 2 - VAL - Batch 80 - Loss = 0.242 | AUROC = 0.666
2025-01-12 00:49:00,995 - INFO - Epoch 2 - VAL - Batch 90 - Loss = 0.237 | AUROC = 0.644
2025-01-12 00:49:01,726 - INFO - Epoch 2 - VAL - Batch 100 - Loss = 0.249 | AUROC = 0.926
2025-01-12 00:49:01,813 - INFO - TRAIN phase
2025-01-12 00:49:01,982 - INFO - Epoch 3 - TRAIN - Batch 0 - Loss = 0.238 | AUROC = 0.685
2025-01-12 00:49:03,668 - INFO - Epoch 3 - TRAIN - Batch 10 - Loss = 0.256 | AUROC = 0.715
2025-01-12 00:49:05,371 - INFO - Epoch 3 - TRAIN - Batch 20 - Loss = 0.258 | AUROC = 0.698
2025-01-12 00:49:07,066 - INFO - Epoch 3 - TRAIN - Batch 30 - Loss = 0.243 | AUROC = 0.748
2025-01-12 00:49:08,767 - INFO - Epoch 3 - TRAIN - Batch 40 - Loss = 0.243 | AUROC = 0.728
2025-01-12 00:49:10,449 - INFO - Epoch 3 - TRAIN - Batch 50 - Loss = 0.238 | AUROC = 0.678
2025-01-12 00:49:12,139 - INFO - Epoch 3 - TRAIN - Batch 60 - Loss = 0.24 | AUROC = 0.713
2025-01-12 00:49:13,818 - INFO - Epoch 3 - TRAIN - Batch 70 - Loss = 0.237 | AUROC = 0.708
2025-01-12 00:49:15,470 - INFO - Epoch 3 - TRAIN - Batch 80 - Loss = 0.235 | AUROC = 0.724
2025-01-12 00:49:17,152 - INFO - Epoch 3 - TRAIN - Batch 90 - Loss = 0.236 | AUROC = 0.802
2025-01-12 00:49:18,812 - INFO - Epoch 3 - TRAIN - Batch 100 - Loss = 0.234 | AUROC = 0.712
2025-01-12 00:49:20,489 - INFO - Epoch 3 - TRAIN - Batch 110 - Loss = 0.232 | AUROC = 0.732
2025-01-12 00:49:22,176 - INFO - Epoch 3 - TRAIN - Batch 120 - Loss = 0.235 | AUROC = 0.691
2025-01-12 00:49:23,859 - INFO - Epoch 3 - TRAIN - Batch 130 - Loss = 0.247 | AUROC = 0.76
2025-01-12 00:49:25,530 - INFO - Epoch 3 - TRAIN - Batch 140 - Loss = 0.245 | AUROC = 0.727
2025-01-12 00:49:27,213 - INFO - Epoch 3 - TRAIN - Batch 150 - Loss = 0.238 | AUROC = 0.778
2025-01-12 00:49:28,909 - INFO - Epoch 3 - TRAIN - Batch 160 - Loss = 0.24 | AUROC = 0.728
2025-01-12 00:49:30,605 - INFO - Epoch 3 - TRAIN - Batch 170 - Loss = 0.242 | AUROC = 0.772
2025-01-12 00:49:32,298 - INFO - Epoch 3 - TRAIN - Batch 180 - Loss = 0.227 | AUROC = 0.696
2025-01-12 00:49:33,970 - INFO - Epoch 3 - TRAIN - Batch 190 - Loss = 0.249 | AUROC = 0.743
2025-01-12 00:49:35,535 - INFO - Epoch 3 - TRAIN - Batch 200 - Loss = 0.218 | AUROC = 0.793
2025-01-12 00:49:35,536 - INFO - VAL phase
2025-01-12 00:49:35,619 - INFO - Epoch 3 - VAL - Batch 0 - Loss = 0.238 | AUROC = 0.689
2025-01-12 00:49:36,394 - INFO - Epoch 3 - VAL - Batch 10 - Loss = 0.264 | AUROC = 0.671
2025-01-12 00:49:37,188 - INFO - Epoch 3 - VAL - Batch 20 - Loss = 0.26 | AUROC = 0.588
2025-01-12 00:49:37,971 - INFO - Epoch 3 - VAL - Batch 30 - Loss = 0.25 | AUROC = 0.693
2025-01-12 00:49:38,742 - INFO - Epoch 3 - VAL - Batch 40 - Loss = 0.229 | AUROC = 0.732
2025-01-12 00:49:39,527 - INFO - Epoch 3 - VAL - Batch 50 - Loss = 0.249 | AUROC = 0.607
2025-01-12 00:49:40,299 - INFO - Epoch 3 - VAL - Batch 60 - Loss = 0.266 | AUROC = 0.564
2025-01-12 00:49:41,076 - INFO - Epoch 3 - VAL - Batch 70 - Loss = 0.265 | AUROC = 0.681
2025-01-12 00:49:41,858 - INFO - Epoch 3 - VAL - Batch 80 - Loss = 0.248 | AUROC = 0.652
2025-01-12 00:49:42,635 - INFO - Epoch 3 - VAL - Batch 90 - Loss = 0.24 | AUROC = 0.643
2025-01-12 00:49:43,350 - INFO - Epoch 3 - VAL - Batch 100 - Loss = 0.243 | AUROC = 0.926
2025-01-12 00:49:43,448 - INFO - TRAIN phase
2025-01-12 00:49:43,625 - INFO - Epoch 4 - TRAIN - Batch 0 - Loss = 0.253 | AUROC = 0.704
2025-01-12 00:49:45,328 - INFO - Epoch 4 - TRAIN - Batch 10 - Loss = 0.231 | AUROC = 0.772
2025-01-12 00:49:47,022 - INFO - Epoch 4 - TRAIN - Batch 20 - Loss = 0.25 | AUROC = 0.625
2025-01-12 00:49:48,715 - INFO - Epoch 4 - TRAIN - Batch 30 - Loss = 0.23 | AUROC = 0.727
2025-01-12 00:49:50,416 - INFO - Epoch 4 - TRAIN - Batch 40 - Loss = 0.237 | AUROC = 0.75
2025-01-12 00:49:52,123 - INFO - Epoch 4 - TRAIN - Batch 50 - Loss = 0.233 | AUROC = 0.711
2025-01-12 00:49:53,812 - INFO - Epoch 4 - TRAIN - Batch 60 - Loss = 0.258 | AUROC = 0.762
2025-01-12 00:49:55,491 - INFO - Epoch 4 - TRAIN - Batch 70 - Loss = 0.237 | AUROC = 0.719
2025-01-12 00:49:57,223 - INFO - Epoch 4 - TRAIN - Batch 80 - Loss = 0.241 | AUROC = 0.671
2025-01-12 00:49:58,963 - INFO - Epoch 4 - TRAIN - Batch 90 - Loss = 0.234 | AUROC = 0.676
2025-01-12 00:50:00,734 - INFO - Epoch 4 - TRAIN - Batch 100 - Loss = 0.247 | AUROC = 0.668
2025-01-12 00:50:02,476 - INFO - Epoch 4 - TRAIN - Batch 110 - Loss = 0.247 | AUROC = 0.736
2025-01-12 00:50:04,201 - INFO - Epoch 4 - TRAIN - Batch 120 - Loss = 0.234 | AUROC = 0.747
2025-01-12 00:50:05,909 - INFO - Epoch 4 - TRAIN - Batch 130 - Loss = 0.225 | AUROC = 0.809
2025-01-12 00:50:07,635 - INFO - Epoch 4 - TRAIN - Batch 140 - Loss = 0.232 | AUROC = 0.746
2025-01-12 00:50:09,349 - INFO - Epoch 4 - TRAIN - Batch 150 - Loss = 0.245 | AUROC = 0.698
2025-01-12 00:50:11,038 - INFO - Epoch 4 - TRAIN - Batch 160 - Loss = 0.248 | AUROC = 0.722
2025-01-12 00:50:12,701 - INFO - Epoch 4 - TRAIN - Batch 170 - Loss = 0.241 | AUROC = 0.753
2025-01-12 00:50:14,355 - INFO - Epoch 4 - TRAIN - Batch 180 - Loss = 0.234 | AUROC = 0.773
2025-01-12 00:50:16,003 - INFO - Epoch 4 - TRAIN - Batch 190 - Loss = 0.246 | AUROC = 0.688
2025-01-12 00:50:17,584 - INFO - Epoch 4 - TRAIN - Batch 200 - Loss = 0.266 | AUROC = 0.575
2025-01-12 00:50:17,584 - INFO - VAL phase
2025-01-12 00:50:17,666 - INFO - Epoch 4 - VAL - Batch 0 - Loss = 0.238 | AUROC = 0.682
2025-01-12 00:50:18,440 - INFO - Epoch 4 - VAL - Batch 10 - Loss = 0.262 | AUROC = 0.645
2025-01-12 00:50:19,228 - INFO - Epoch 4 - VAL - Batch 20 - Loss = 0.262 | AUROC = 0.573
2025-01-12 00:50:20,017 - INFO - Epoch 4 - VAL - Batch 30 - Loss = 0.243 | AUROC = 0.698
2025-01-12 00:50:20,788 - INFO - Epoch 4 - VAL - Batch 40 - Loss = 0.229 | AUROC = 0.753
2025-01-12 00:50:21,563 - INFO - Epoch 4 - VAL - Batch 50 - Loss = 0.243 | AUROC = 0.591
2025-01-12 00:50:22,341 - INFO - Epoch 4 - VAL - Batch 60 - Loss = 0.258 | AUROC = 0.556
2025-01-12 00:50:23,108 - INFO - Epoch 4 - VAL - Batch 70 - Loss = 0.271 | AUROC = 0.715
2025-01-12 00:50:23,881 - INFO - Epoch 4 - VAL - Batch 80 - Loss = 0.243 | AUROC = 0.653
2025-01-12 00:50:24,653 - INFO - Epoch 4 - VAL - Batch 90 - Loss = 0.233 | AUROC = 0.654
2025-01-12 00:50:25,376 - INFO - Epoch 4 - VAL - Batch 100 - Loss = 0.276 | AUROC = 0.926
2025-01-12 00:50:25,462 - INFO - TRAIN phase
2025-01-12 00:50:25,629 - INFO - Epoch 5 - TRAIN - Batch 0 - Loss = 0.241 | AUROC = 0.751
2025-01-12 00:50:27,334 - INFO - Epoch 5 - TRAIN - Batch 10 - Loss = 0.242 | AUROC = 0.726
2025-01-12 00:50:29,039 - INFO - Epoch 5 - TRAIN - Batch 20 - Loss = 0.229 | AUROC = 0.742
2025-01-12 00:50:30,731 - INFO - Epoch 5 - TRAIN - Batch 30 - Loss = 0.232 | AUROC = 0.723
2025-01-12 00:50:32,416 - INFO - Epoch 5 - TRAIN - Batch 40 - Loss = 0.248 | AUROC = 0.712
2025-01-12 00:50:34,153 - INFO - Epoch 5 - TRAIN - Batch 50 - Loss = 0.226 | AUROC = 0.791
2025-01-12 00:50:35,873 - INFO - Epoch 5 - TRAIN - Batch 60 - Loss = 0.22 | AUROC = 0.773
2025-01-12 00:50:37,579 - INFO - Epoch 5 - TRAIN - Batch 70 - Loss = 0.236 | AUROC = 0.682
2025-01-12 00:50:39,249 - INFO - Epoch 5 - TRAIN - Batch 80 - Loss = 0.225 | AUROC = 0.749
2025-01-12 00:50:40,916 - INFO - Epoch 5 - TRAIN - Batch 90 - Loss = 0.244 | AUROC = 0.722
2025-01-12 00:50:42,600 - INFO - Epoch 5 - TRAIN - Batch 100 - Loss = 0.231 | AUROC = 0.764
2025-01-12 00:50:44,272 - INFO - Epoch 5 - TRAIN - Batch 110 - Loss = 0.235 | AUROC = 0.753
2025-01-12 00:50:45,953 - INFO - Epoch 5 - TRAIN - Batch 120 - Loss = 0.219 | AUROC = 0.691
2025-01-12 00:50:47,633 - INFO - Epoch 5 - TRAIN - Batch 130 - Loss = 0.253 | AUROC = 0.685
2025-01-12 00:50:49,320 - INFO - Epoch 5 - TRAIN - Batch 140 - Loss = 0.246 | AUROC = 0.738
2025-01-12 00:50:50,988 - INFO - Epoch 5 - TRAIN - Batch 150 - Loss = 0.235 | AUROC = 0.753
2025-01-12 00:50:52,649 - INFO - Epoch 5 - TRAIN - Batch 160 - Loss = 0.24 | AUROC = 0.78
2025-01-12 00:50:54,328 - INFO - Epoch 5 - TRAIN - Batch 170 - Loss = 0.229 | AUROC = 0.727
2025-01-12 00:50:56,003 - INFO - Epoch 5 - TRAIN - Batch 180 - Loss = 0.232 | AUROC = 0.765
2025-01-12 00:50:57,662 - INFO - Epoch 5 - TRAIN - Batch 190 - Loss = 0.228 | AUROC = 0.702
2025-01-12 00:50:59,218 - INFO - Epoch 5 - TRAIN - Batch 200 - Loss = 0.254 | AUROC = 0.722
2025-01-12 00:50:59,219 - INFO - VAL phase
2025-01-12 00:50:59,299 - INFO - Epoch 5 - VAL - Batch 0 - Loss = 0.237 | AUROC = 0.677
2025-01-12 00:51:00,083 - INFO - Epoch 5 - VAL - Batch 10 - Loss = 0.261 | AUROC = 0.639
2025-01-12 00:51:00,860 - INFO - Epoch 5 - VAL - Batch 20 - Loss = 0.257 | AUROC = 0.571
2025-01-12 00:51:01,634 - INFO - Epoch 5 - VAL - Batch 30 - Loss = 0.242 | AUROC = 0.695
2025-01-12 00:51:02,403 - INFO - Epoch 5 - VAL - Batch 40 - Loss = 0.231 | AUROC = 0.749
2025-01-12 00:51:03,187 - INFO - Epoch 5 - VAL - Batch 50 - Loss = 0.244 | AUROC = 0.584
2025-01-12 00:51:03,968 - INFO - Epoch 5 - VAL - Batch 60 - Loss = 0.258 | AUROC = 0.589
2025-01-12 00:51:04,740 - INFO - Epoch 5 - VAL - Batch 70 - Loss = 0.263 | AUROC = 0.72
2025-01-12 00:51:05,512 - INFO - Epoch 5 - VAL - Batch 80 - Loss = 0.247 | AUROC = 0.645
2025-01-12 00:51:06,288 - INFO - Epoch 5 - VAL - Batch 90 - Loss = 0.234 | AUROC = 0.644
2025-01-12 00:51:07,019 - INFO - Epoch 5 - VAL - Batch 100 - Loss = 0.264 | AUROC = 0.926
2025-01-12 00:51:07,107 - INFO - TRAIN phase
2025-01-12 00:51:07,272 - INFO - Epoch 6 - TRAIN - Batch 0 - Loss = 0.215 | AUROC = 0.85
2025-01-12 00:51:08,970 - INFO - Epoch 6 - TRAIN - Batch 10 - Loss = 0.236 | AUROC = 0.739
2025-01-12 00:51:10,657 - INFO - Epoch 6 - TRAIN - Batch 20 - Loss = 0.232 | AUROC = 0.69
2025-01-12 00:51:12,334 - INFO - Epoch 6 - TRAIN - Batch 30 - Loss = 0.239 | AUROC = 0.668
2025-01-12 00:51:14,039 - INFO - Epoch 6 - TRAIN - Batch 40 - Loss = 0.23 | AUROC = 0.725
2025-01-12 00:51:15,765 - INFO - Epoch 6 - TRAIN - Batch 50 - Loss = 0.241 | AUROC = 0.716
2025-01-12 00:51:17,461 - INFO - Epoch 6 - TRAIN - Batch 60 - Loss = 0.225 | AUROC = 0.793
2025-01-12 00:51:19,145 - INFO - Epoch 6 - TRAIN - Batch 70 - Loss = 0.235 | AUROC = 0.734
2025-01-12 00:51:20,832 - INFO - Epoch 6 - TRAIN - Batch 80 - Loss = 0.242 | AUROC = 0.761
2025-01-12 00:51:22,509 - INFO - Epoch 6 - TRAIN - Batch 90 - Loss = 0.251 | AUROC = 0.68
2025-01-12 00:51:24,176 - INFO - Epoch 6 - TRAIN - Batch 100 - Loss = 0.234 | AUROC = 0.745
2025-01-12 00:51:25,852 - INFO - Epoch 6 - TRAIN - Batch 110 - Loss = 0.241 | AUROC = 0.773
2025-01-12 00:51:27,533 - INFO - Epoch 6 - TRAIN - Batch 120 - Loss = 0.246 | AUROC = 0.752
2025-01-12 00:51:29,212 - INFO - Epoch 6 - TRAIN - Batch 130 - Loss = 0.256 | AUROC = 0.654
2025-01-12 00:51:30,882 - INFO - Epoch 6 - TRAIN - Batch 140 - Loss = 0.237 | AUROC = 0.75
2025-01-12 00:51:32,560 - INFO - Epoch 6 - TRAIN - Batch 150 - Loss = 0.237 | AUROC = 0.765
2025-01-12 00:51:34,230 - INFO - Epoch 6 - TRAIN - Batch 160 - Loss = 0.235 | AUROC = 0.719
2025-01-12 00:51:35,906 - INFO - Epoch 6 - TRAIN - Batch 170 - Loss = 0.244 | AUROC = 0.75
2025-01-12 00:51:37,555 - INFO - Epoch 6 - TRAIN - Batch 180 - Loss = 0.249 | AUROC = 0.731
2025-01-12 00:51:39,243 - INFO - Epoch 6 - TRAIN - Batch 190 - Loss = 0.225 | AUROC = 0.758
2025-01-12 00:51:40,843 - INFO - Epoch 6 - TRAIN - Batch 200 - Loss = 0.223 | AUROC = 0.772
2025-01-12 00:51:40,844 - INFO - VAL phase
2025-01-12 00:51:40,928 - INFO - Epoch 6 - VAL - Batch 0 - Loss = 0.239 | AUROC = 0.663
2025-01-12 00:51:41,723 - INFO - Epoch 6 - VAL - Batch 10 - Loss = 0.263 | AUROC = 0.645
2025-01-12 00:51:42,514 - INFO - Epoch 6 - VAL - Batch 20 - Loss = 0.254 | AUROC = 0.585
2025-01-12 00:51:43,301 - INFO - Epoch 6 - VAL - Batch 30 - Loss = 0.239 | AUROC = 0.719
2025-01-12 00:51:44,084 - INFO - Epoch 6 - VAL - Batch 40 - Loss = 0.232 | AUROC = 0.752
2025-01-12 00:51:44,865 - INFO - Epoch 6 - VAL - Batch 50 - Loss = 0.255 | AUROC = 0.589
2025-01-12 00:51:45,630 - INFO - Epoch 6 - VAL - Batch 60 - Loss = 0.261 | AUROC = 0.559
2025-01-12 00:51:46,400 - INFO - Epoch 6 - VAL - Batch 70 - Loss = 0.258 | AUROC = 0.717
2025-01-12 00:51:47,173 - INFO - Epoch 6 - VAL - Batch 80 - Loss = 0.26 | AUROC = 0.637
2025-01-12 00:51:47,934 - INFO - Epoch 6 - VAL - Batch 90 - Loss = 0.233 | AUROC = 0.638
2025-01-12 00:51:48,658 - INFO - Epoch 6 - VAL - Batch 100 - Loss = 0.324 | AUROC = 0.926
2025-01-12 00:51:48,748 - INFO - TRAIN phase
2025-01-12 00:51:48,916 - INFO - Epoch 7 - TRAIN - Batch 0 - Loss = 0.24 | AUROC = 0.754
2025-01-12 00:51:50,603 - INFO - Epoch 7 - TRAIN - Batch 10 - Loss = 0.25 | AUROC = 0.757
2025-01-12 00:51:52,307 - INFO - Epoch 7 - TRAIN - Batch 20 - Loss = 0.225 | AUROC = 0.789
2025-01-12 00:51:54,022 - INFO - Epoch 7 - TRAIN - Batch 30 - Loss = 0.235 | AUROC = 0.737
2025-01-12 00:51:55,721 - INFO - Epoch 7 - TRAIN - Batch 40 - Loss = 0.251 | AUROC = 0.729
2025-01-12 00:51:57,403 - INFO - Epoch 7 - TRAIN - Batch 50 - Loss = 0.249 | AUROC = 0.696
2025-01-12 00:51:59,107 - INFO - Epoch 7 - TRAIN - Batch 60 - Loss = 0.236 | AUROC = 0.667
2025-01-12 00:52:00,782 - INFO - Epoch 7 - TRAIN - Batch 70 - Loss = 0.239 | AUROC = 0.749
2025-01-12 00:52:02,469 - INFO - Epoch 7 - TRAIN - Batch 80 - Loss = 0.233 | AUROC = 0.753
2025-01-12 00:52:04,123 - INFO - Epoch 7 - TRAIN - Batch 90 - Loss = 0.252 | AUROC = 0.694
2025-01-12 00:52:05,777 - INFO - Epoch 7 - TRAIN - Batch 100 - Loss = 0.238 | AUROC = 0.733
2025-01-12 00:52:07,444 - INFO - Epoch 7 - TRAIN - Batch 110 - Loss = 0.227 | AUROC = 0.72
2025-01-12 00:52:09,126 - INFO - Epoch 7 - TRAIN - Batch 120 - Loss = 0.231 | AUROC = 0.777
2025-01-12 00:52:10,831 - INFO - Epoch 7 - TRAIN - Batch 130 - Loss = 0.228 | AUROC = 0.779
2025-01-12 00:52:12,482 - INFO - Epoch 7 - TRAIN - Batch 140 - Loss = 0.232 | AUROC = 0.739
2025-01-12 00:52:14,156 - INFO - Epoch 7 - TRAIN - Batch 150 - Loss = 0.239 | AUROC = 0.726
2025-01-12 00:52:15,823 - INFO - Epoch 7 - TRAIN - Batch 160 - Loss = 0.242 | AUROC = 0.682
2025-01-12 00:52:17,498 - INFO - Epoch 7 - TRAIN - Batch 170 - Loss = 0.228 | AUROC = 0.789
2025-01-12 00:52:19,202 - INFO - Epoch 7 - TRAIN - Batch 180 - Loss = 0.236 | AUROC = 0.783
2025-01-12 00:52:20,864 - INFO - Epoch 7 - TRAIN - Batch 190 - Loss = 0.236 | AUROC = 0.637
2025-01-12 00:52:22,431 - INFO - Epoch 7 - TRAIN - Batch 200 - Loss = 0.286 | AUROC = 0.589
2025-01-12 00:52:22,432 - INFO - VAL phase
2025-01-12 00:52:22,514 - INFO - Epoch 7 - VAL - Batch 0 - Loss = 0.234 | AUROC = 0.675
2025-01-12 00:52:23,283 - INFO - Epoch 7 - VAL - Batch 10 - Loss = 0.261 | AUROC = 0.644
2025-01-12 00:52:24,065 - INFO - Epoch 7 - VAL - Batch 20 - Loss = 0.264 | AUROC = 0.59
2025-01-12 00:52:24,842 - INFO - Epoch 7 - VAL - Batch 30 - Loss = 0.243 | AUROC = 0.695
2025-01-12 00:52:25,615 - INFO - Epoch 7 - VAL - Batch 40 - Loss = 0.233 | AUROC = 0.745
2025-01-12 00:52:26,401 - INFO - Epoch 7 - VAL - Batch 50 - Loss = 0.246 | AUROC = 0.572
2025-01-12 00:52:27,186 - INFO - Epoch 7 - VAL - Batch 60 - Loss = 0.249 | AUROC = 0.565
2025-01-12 00:52:27,967 - INFO - Epoch 7 - VAL - Batch 70 - Loss = 0.252 | AUROC = 0.724
2025-01-12 00:52:28,745 - INFO - Epoch 7 - VAL - Batch 80 - Loss = 0.246 | AUROC = 0.65
2025-01-12 00:52:29,519 - INFO - Epoch 7 - VAL - Batch 90 - Loss = 0.238 | AUROC = 0.644
2025-01-12 00:52:30,236 - INFO - Epoch 7 - VAL - Batch 100 - Loss = 0.243 | AUROC = 0.822
2025-01-12 00:52:30,326 - INFO - TRAIN phase
2025-01-12 00:52:30,498 - INFO - Epoch 8 - TRAIN - Batch 0 - Loss = 0.244 | AUROC = 0.733
2025-01-12 00:52:32,182 - INFO - Epoch 8 - TRAIN - Batch 10 - Loss = 0.229 | AUROC = 0.767
2025-01-12 00:52:33,855 - INFO - Epoch 8 - TRAIN - Batch 20 - Loss = 0.236 | AUROC = 0.802
2025-01-12 00:52:35,557 - INFO - Epoch 8 - TRAIN - Batch 30 - Loss = 0.243 | AUROC = 0.727
2025-01-12 00:52:37,290 - INFO - Epoch 8 - TRAIN - Batch 40 - Loss = 0.243 | AUROC = 0.759
2025-01-12 00:52:38,996 - INFO - Epoch 8 - TRAIN - Batch 50 - Loss = 0.235 | AUROC = 0.731
2025-01-12 00:52:40,680 - INFO - Epoch 8 - TRAIN - Batch 60 - Loss = 0.225 | AUROC = 0.762
2025-01-12 00:52:42,348 - INFO - Epoch 8 - TRAIN - Batch 70 - Loss = 0.22 | AUROC = 0.769
2025-01-12 00:52:44,035 - INFO - Epoch 8 - TRAIN - Batch 80 - Loss = 0.247 | AUROC = 0.689
2025-01-12 00:52:45,751 - INFO - Epoch 8 - TRAIN - Batch 90 - Loss = 0.23 | AUROC = 0.729
2025-01-12 00:52:47,464 - INFO - Epoch 8 - TRAIN - Batch 100 - Loss = 0.218 | AUROC = 0.77
2025-01-12 00:52:49,164 - INFO - Epoch 8 - TRAIN - Batch 110 - Loss = 0.24 | AUROC = 0.683
2025-01-12 00:52:50,841 - INFO - Epoch 8 - TRAIN - Batch 120 - Loss = 0.233 | AUROC = 0.764
2025-01-12 00:52:52,502 - INFO - Epoch 8 - TRAIN - Batch 130 - Loss = 0.246 | AUROC = 0.728
2025-01-12 00:52:54,173 - INFO - Epoch 8 - TRAIN - Batch 140 - Loss = 0.23 | AUROC = 0.693
2025-01-12 00:52:55,850 - INFO - Epoch 8 - TRAIN - Batch 150 - Loss = 0.244 | AUROC = 0.729
2025-01-12 00:52:57,507 - INFO - Epoch 8 - TRAIN - Batch 160 - Loss = 0.241 | AUROC = 0.792
2025-01-12 00:52:59,187 - INFO - Epoch 8 - TRAIN - Batch 170 - Loss = 0.237 | AUROC = 0.724
2025-01-12 00:53:00,849 - INFO - Epoch 8 - TRAIN - Batch 180 - Loss = 0.245 | AUROC = 0.716
2025-01-12 00:53:02,518 - INFO - Epoch 8 - TRAIN - Batch 190 - Loss = 0.24 | AUROC = 0.711
2025-01-12 00:53:04,081 - INFO - Epoch 8 - TRAIN - Batch 200 - Loss = 0.225 | AUROC = 0.829
2025-01-12 00:53:04,082 - INFO - VAL phase
2025-01-12 00:53:04,167 - INFO - Epoch 8 - VAL - Batch 0 - Loss = 0.237 | AUROC = 0.659
2025-01-12 00:53:04,974 - INFO - Epoch 8 - VAL - Batch 10 - Loss = 0.261 | AUROC = 0.636
2025-01-12 00:53:05,750 - INFO - Epoch 8 - VAL - Batch 20 - Loss = 0.249 | AUROC = 0.597
2025-01-12 00:53:06,523 - INFO - Epoch 8 - VAL - Batch 30 - Loss = 0.238 | AUROC = 0.695
2025-01-12 00:53:07,301 - INFO - Epoch 8 - VAL - Batch 40 - Loss = 0.23 | AUROC = 0.735
2025-01-12 00:53:08,079 - INFO - Epoch 8 - VAL - Batch 50 - Loss = 0.249 | AUROC = 0.575
2025-01-12 00:53:08,851 - INFO - Epoch 8 - VAL - Batch 60 - Loss = 0.262 | AUROC = 0.561
2025-01-12 00:53:09,627 - INFO - Epoch 8 - VAL - Batch 70 - Loss = 0.261 | AUROC = 0.718
2025-01-12 00:53:10,401 - INFO - Epoch 8 - VAL - Batch 80 - Loss = 0.248 | AUROC = 0.634
2025-01-12 00:53:11,184 - INFO - Epoch 8 - VAL - Batch 90 - Loss = 0.235 | AUROC = 0.656
2025-01-12 00:53:11,892 - INFO - Epoch 8 - VAL - Batch 100 - Loss = 0.246 | AUROC = 0.963
2025-01-12 00:53:11,981 - INFO - TRAIN phase
2025-01-12 00:53:12,150 - INFO - Epoch 9 - TRAIN - Batch 0 - Loss = 0.243 | AUROC = 0.713
2025-01-12 00:53:13,807 - INFO - Epoch 9 - TRAIN - Batch 10 - Loss = 0.215 | AUROC = 0.821
2025-01-12 00:53:15,480 - INFO - Epoch 9 - TRAIN - Batch 20 - Loss = 0.23 | AUROC = 0.725
2025-01-12 00:53:17,156 - INFO - Epoch 9 - TRAIN - Batch 30 - Loss = 0.217 | AUROC = 0.785
2025-01-12 00:53:18,815 - INFO - Epoch 9 - TRAIN - Batch 40 - Loss = 0.221 | AUROC = 0.854
2025-01-12 00:53:20,495 - INFO - Epoch 9 - TRAIN - Batch 50 - Loss = 0.242 | AUROC = 0.683
2025-01-12 00:53:22,184 - INFO - Epoch 9 - TRAIN - Batch 60 - Loss = 0.228 | AUROC = 0.742
2025-01-12 00:53:23,853 - INFO - Epoch 9 - TRAIN - Batch 70 - Loss = 0.241 | AUROC = 0.72
2025-01-12 00:53:25,507 - INFO - Epoch 9 - TRAIN - Batch 80 - Loss = 0.222 | AUROC = 0.769
2025-01-12 00:53:27,184 - INFO - Epoch 9 - TRAIN - Batch 90 - Loss = 0.212 | AUROC = 0.739
2025-01-12 00:53:28,852 - INFO - Epoch 9 - TRAIN - Batch 100 - Loss = 0.236 | AUROC = 0.803
2025-01-12 00:53:30,519 - INFO - Epoch 9 - TRAIN - Batch 110 - Loss = 0.232 | AUROC = 0.786
2025-01-12 00:53:32,187 - INFO - Epoch 9 - TRAIN - Batch 120 - Loss = 0.238 | AUROC = 0.759
2025-01-12 00:53:33,838 - INFO - Epoch 9 - TRAIN - Batch 130 - Loss = 0.231 | AUROC = 0.753
2025-01-12 00:53:35,504 - INFO - Epoch 9 - TRAIN - Batch 140 - Loss = 0.25 | AUROC = 0.69
2025-01-12 00:53:37,163 - INFO - Epoch 9 - TRAIN - Batch 150 - Loss = 0.237 | AUROC = 0.726
2025-01-12 00:53:38,839 - INFO - Epoch 9 - TRAIN - Batch 160 - Loss = 0.249 | AUROC = 0.765
2025-01-12 00:53:40,511 - INFO - Epoch 9 - TRAIN - Batch 170 - Loss = 0.223 | AUROC = 0.799
2025-01-12 00:53:42,179 - INFO - Epoch 9 - TRAIN - Batch 180 - Loss = 0.226 | AUROC = 0.76
2025-01-12 00:53:43,818 - INFO - Epoch 9 - TRAIN - Batch 190 - Loss = 0.244 | AUROC = 0.752
2025-01-12 00:53:45,385 - INFO - Epoch 9 - TRAIN - Batch 200 - Loss = 0.229 | AUROC = 0.766
2025-01-12 00:53:45,386 - INFO - VAL phase
2025-01-12 00:53:45,467 - INFO - Epoch 9 - VAL - Batch 0 - Loss = 0.241 | AUROC = 0.665
2025-01-12 00:53:46,234 - INFO - Epoch 9 - VAL - Batch 10 - Loss = 0.275 | AUROC = 0.627
2025-01-12 00:53:47,007 - INFO - Epoch 9 - VAL - Batch 20 - Loss = 0.257 | AUROC = 0.578
2025-01-12 00:53:47,771 - INFO - Epoch 9 - VAL - Batch 30 - Loss = 0.253 | AUROC = 0.701
2025-01-12 00:53:48,545 - INFO - Epoch 9 - VAL - Batch 40 - Loss = 0.253 | AUROC = 0.729
2025-01-12 00:53:49,319 - INFO - Epoch 9 - VAL - Batch 50 - Loss = 0.261 | AUROC = 0.571
2025-01-12 00:53:50,088 - INFO - Epoch 9 - VAL - Batch 60 - Loss = 0.269 | AUROC = 0.571
2025-01-12 00:53:50,890 - INFO - Epoch 9 - VAL - Batch 70 - Loss = 0.28 | AUROC = 0.709
2025-01-12 00:53:51,687 - INFO - Epoch 9 - VAL - Batch 80 - Loss = 0.25 | AUROC = 0.642
2025-01-12 00:53:52,482 - INFO - Epoch 9 - VAL - Batch 90 - Loss = 0.241 | AUROC = 0.655
2025-01-12 00:53:53,257 - INFO - Epoch 9 - VAL - Batch 100 - Loss = 0.259 | AUROC = 0.926
2025-01-12 00:53:53,368 - INFO - TRAIN phase
2025-01-12 00:53:53,765 - INFO - Epoch 0 - TRAIN - Batch 0 - Loss = 0.248 | AUROC = 0.784
2025-01-12 00:53:56,660 - INFO - Epoch 0 - TRAIN - Batch 10 - Loss = 0.238 | AUROC = 0.699
2025-01-12 00:53:59,546 - INFO - Epoch 0 - TRAIN - Batch 20 - Loss = 0.221 | AUROC = 0.802
2025-01-12 00:54:02,445 - INFO - Epoch 0 - TRAIN - Batch 30 - Loss = 0.243 | AUROC = 0.702
2025-01-12 00:54:05,295 - INFO - Epoch 0 - TRAIN - Batch 40 - Loss = 0.235 | AUROC = 0.764
2025-01-12 00:54:08,136 - INFO - Epoch 0 - TRAIN - Batch 50 - Loss = 0.239 | AUROC = 0.758
2025-01-12 00:54:10,993 - INFO - Epoch 0 - TRAIN - Batch 60 - Loss = 0.233 | AUROC = 0.753
2025-01-12 00:54:13,837 - INFO - Epoch 0 - TRAIN - Batch 70 - Loss = 0.215 | AUROC = 0.788
2025-01-12 00:54:16,698 - INFO - Epoch 0 - TRAIN - Batch 80 - Loss = 0.234 | AUROC = 0.784
2025-01-12 00:54:19,551 - INFO - Epoch 0 - TRAIN - Batch 90 - Loss = 0.223 | AUROC = 0.769
2025-01-12 00:54:22,405 - INFO - Epoch 0 - TRAIN - Batch 100 - Loss = 0.211 | AUROC = 0.795
2025-01-12 00:54:25,265 - INFO - Epoch 0 - TRAIN - Batch 110 - Loss = 0.232 | AUROC = 0.739
2025-01-12 00:54:28,121 - INFO - Epoch 0 - TRAIN - Batch 120 - Loss = 0.227 | AUROC = 0.792
2025-01-12 00:54:30,973 - INFO - Epoch 0 - TRAIN - Batch 130 - Loss = 0.22 | AUROC = 0.784
2025-01-12 00:54:33,830 - INFO - Epoch 0 - TRAIN - Batch 140 - Loss = 0.224 | AUROC = 0.791
2025-01-12 00:54:36,686 - INFO - Epoch 0 - TRAIN - Batch 150 - Loss = 0.215 | AUROC = 0.757
2025-01-12 00:54:39,535 - INFO - Epoch 0 - TRAIN - Batch 160 - Loss = 0.238 | AUROC = 0.757
2025-01-12 00:54:42,401 - INFO - Epoch 0 - TRAIN - Batch 170 - Loss = 0.214 | AUROC = 0.762
2025-01-12 00:54:45,250 - INFO - Epoch 0 - TRAIN - Batch 180 - Loss = 0.216 | AUROC = 0.784
2025-01-12 00:54:48,121 - INFO - Epoch 0 - TRAIN - Batch 190 - Loss = 0.233 | AUROC = 0.69
2025-01-12 00:54:50,814 - INFO - Epoch 0 - TRAIN - Batch 200 - Loss = 0.209 | AUROC = 0.888
2025-01-12 00:54:50,815 - INFO - VAL phase
2025-01-12 00:54:50,896 - INFO - Epoch 0 - VAL - Batch 0 - Loss = 0.223 | AUROC = 0.724
2025-01-12 00:54:51,682 - INFO - Epoch 0 - VAL - Batch 10 - Loss = 0.255 | AUROC = 0.661
2025-01-12 00:54:52,464 - INFO - Epoch 0 - VAL - Batch 20 - Loss = 0.244 | AUROC = 0.626
2025-01-12 00:54:53,250 - INFO - Epoch 0 - VAL - Batch 30 - Loss = 0.239 | AUROC = 0.719
2025-01-12 00:54:54,029 - INFO - Epoch 0 - VAL - Batch 40 - Loss = 0.224 | AUROC = 0.776
2025-01-12 00:54:54,805 - INFO - Epoch 0 - VAL - Batch 50 - Loss = 0.238 | AUROC = 0.62
2025-01-12 00:54:55,581 - INFO - Epoch 0 - VAL - Batch 60 - Loss = 0.258 | AUROC = 0.583
2025-01-12 00:54:56,377 - INFO - Epoch 0 - VAL - Batch 70 - Loss = 0.251 | AUROC = 0.767
2025-01-12 00:54:57,168 - INFO - Epoch 0 - VAL - Batch 80 - Loss = 0.245 | AUROC = 0.678
2025-01-12 00:54:57,958 - INFO - Epoch 0 - VAL - Batch 90 - Loss = 0.233 | AUROC = 0.635
2025-01-12 00:54:58,668 - INFO - Epoch 0 - VAL - Batch 100 - Loss = 0.262 | AUROC = 0.926
2025-01-12 00:54:58,758 - INFO - TRAIN phase
2025-01-12 00:54:59,058 - INFO - Epoch 1 - TRAIN - Batch 0 - Loss = 0.2 | AUROC = 0.844
2025-01-12 00:55:01,932 - INFO - Epoch 1 - TRAIN - Batch 10 - Loss = 0.19 | AUROC = 0.892
2025-01-12 00:55:04,788 - INFO - Epoch 1 - TRAIN - Batch 20 - Loss = 0.205 | AUROC = 0.861
2025-01-12 00:55:07,640 - INFO - Epoch 1 - TRAIN - Batch 30 - Loss = 0.195 | AUROC = 0.863
2025-01-12 00:55:10,491 - INFO - Epoch 1 - TRAIN - Batch 40 - Loss = 0.195 | AUROC = 0.861
2025-01-12 00:55:13,351 - INFO - Epoch 1 - TRAIN - Batch 50 - Loss = 0.199 | AUROC = 0.857
2025-01-12 00:55:16,210 - INFO - Epoch 1 - TRAIN - Batch 60 - Loss = 0.205 | AUROC = 0.844
2025-01-12 00:55:19,070 - INFO - Epoch 1 - TRAIN - Batch 70 - Loss = 0.205 | AUROC = 0.844
2025-01-12 00:55:21,922 - INFO - Epoch 1 - TRAIN - Batch 80 - Loss = 0.207 | AUROC = 0.838
2025-01-12 00:55:24,776 - INFO - Epoch 1 - TRAIN - Batch 90 - Loss = 0.211 | AUROC = 0.827
2025-01-12 00:55:27,636 - INFO - Epoch 1 - TRAIN - Batch 100 - Loss = 0.195 | AUROC = 0.874
2025-01-12 00:55:30,507 - INFO - Epoch 1 - TRAIN - Batch 110 - Loss = 0.193 | AUROC = 0.891
2025-01-12 00:55:33,357 - INFO - Epoch 1 - TRAIN - Batch 120 - Loss = 0.222 | AUROC = 0.785
2025-01-12 00:55:36,213 - INFO - Epoch 1 - TRAIN - Batch 130 - Loss = 0.207 | AUROC = 0.838
2025-01-12 00:55:39,059 - INFO - Epoch 1 - TRAIN - Batch 140 - Loss = 0.211 | AUROC = 0.819
2025-01-12 00:55:41,910 - INFO - Epoch 1 - TRAIN - Batch 150 - Loss = 0.217 | AUROC = 0.81
2025-01-12 00:55:44,763 - INFO - Epoch 1 - TRAIN - Batch 160 - Loss = 0.216 | AUROC = 0.803
2025-01-12 00:55:47,615 - INFO - Epoch 1 - TRAIN - Batch 170 - Loss = 0.173 | AUROC = 0.897
2025-01-12 00:55:50,470 - INFO - Epoch 1 - TRAIN - Batch 180 - Loss = 0.181 | AUROC = 0.846
2025-01-12 00:55:53,316 - INFO - Epoch 1 - TRAIN - Batch 190 - Loss = 0.205 | AUROC = 0.841
2025-01-12 00:55:55,980 - INFO - Epoch 1 - TRAIN - Batch 200 - Loss = 0.207 | AUROC = 0.729
2025-01-12 00:55:55,981 - INFO - VAL phase
2025-01-12 00:55:56,063 - INFO - Epoch 1 - VAL - Batch 0 - Loss = 0.231 | AUROC = 0.701
2025-01-12 00:55:56,849 - INFO - Epoch 1 - VAL - Batch 10 - Loss = 0.254 | AUROC = 0.662
2025-01-12 00:55:57,624 - INFO - Epoch 1 - VAL - Batch 20 - Loss = 0.241 | AUROC = 0.624
2025-01-12 00:55:58,403 - INFO - Epoch 1 - VAL - Batch 30 - Loss = 0.238 | AUROC = 0.729
2025-01-12 00:55:59,178 - INFO - Epoch 1 - VAL - Batch 40 - Loss = 0.217 | AUROC = 0.791
2025-01-12 00:55:59,962 - INFO - Epoch 1 - VAL - Batch 50 - Loss = 0.237 | AUROC = 0.633
2025-01-12 00:56:00,745 - INFO - Epoch 1 - VAL - Batch 60 - Loss = 0.263 | AUROC = 0.573
2025-01-12 00:56:01,529 - INFO - Epoch 1 - VAL - Batch 70 - Loss = 0.254 | AUROC = 0.756
2025-01-12 00:56:02,336 - INFO - Epoch 1 - VAL - Batch 80 - Loss = 0.243 | AUROC = 0.696
2025-01-12 00:56:03,128 - INFO - Epoch 1 - VAL - Batch 90 - Loss = 0.231 | AUROC = 0.668
2025-01-12 00:56:03,868 - INFO - Epoch 1 - VAL - Batch 100 - Loss = 0.258 | AUROC = 0.847
2025-01-12 00:56:03,955 - INFO - TRAIN phase
2025-01-12 00:56:04,246 - INFO - Epoch 2 - TRAIN - Batch 0 - Loss = 0.193 | AUROC = 0.905
2025-01-12 00:56:07,125 - INFO - Epoch 2 - TRAIN - Batch 10 - Loss = 0.177 | AUROC = 0.881
2025-01-12 00:56:09,994 - INFO - Epoch 2 - TRAIN - Batch 20 - Loss = 0.194 | AUROC = 0.844
2025-01-12 00:56:12,852 - INFO - Epoch 2 - TRAIN - Batch 30 - Loss = 0.18 | AUROC = 0.911
2025-01-12 00:56:15,722 - INFO - Epoch 2 - TRAIN - Batch 40 - Loss = 0.172 | AUROC = 0.938
2025-01-12 00:56:18,582 - INFO - Epoch 2 - TRAIN - Batch 50 - Loss = 0.174 | AUROC = 0.919
2025-01-12 00:56:21,450 - INFO - Epoch 2 - TRAIN - Batch 60 - Loss = 0.18 | AUROC = 0.916
2025-01-12 00:56:24,335 - INFO - Epoch 2 - TRAIN - Batch 70 - Loss = 0.172 | AUROC = 0.922
2025-01-12 00:56:27,205 - INFO - Epoch 2 - TRAIN - Batch 80 - Loss = 0.182 | AUROC = 0.93
2025-01-12 00:56:30,068 - INFO - Epoch 2 - TRAIN - Batch 90 - Loss = 0.173 | AUROC = 0.919
2025-01-12 00:56:32,936 - INFO - Epoch 2 - TRAIN - Batch 100 - Loss = 0.172 | AUROC = 0.911
2025-01-12 00:56:35,795 - INFO - Epoch 2 - TRAIN - Batch 110 - Loss = 0.17 | AUROC = 0.919
2025-01-12 00:56:38,647 - INFO - Epoch 2 - TRAIN - Batch 120 - Loss = 0.171 | AUROC = 0.936
2025-01-12 00:56:41,504 - INFO - Epoch 2 - TRAIN - Batch 130 - Loss = 0.168 | AUROC = 0.911
2025-01-12 00:56:44,363 - INFO - Epoch 2 - TRAIN - Batch 140 - Loss = 0.165 | AUROC = 0.931
2025-01-12 00:56:47,221 - INFO - Epoch 2 - TRAIN - Batch 150 - Loss = 0.181 | AUROC = 0.919
2025-01-12 00:56:50,079 - INFO - Epoch 2 - TRAIN - Batch 160 - Loss = 0.18 | AUROC = 0.894
2025-01-12 00:56:52,950 - INFO - Epoch 2 - TRAIN - Batch 170 - Loss = 0.184 | AUROC = 0.861
2025-01-12 00:56:55,812 - INFO - Epoch 2 - TRAIN - Batch 180 - Loss = 0.163 | AUROC = 0.94
2025-01-12 00:56:58,673 - INFO - Epoch 2 - TRAIN - Batch 190 - Loss = 0.168 | AUROC = 0.897
2025-01-12 00:57:01,338 - INFO - Epoch 2 - TRAIN - Batch 200 - Loss = 0.193 | AUROC = 0.858
2025-01-12 00:57:01,339 - INFO - VAL phase
2025-01-12 00:57:01,419 - INFO - Epoch 2 - VAL - Batch 0 - Loss = 0.238 | AUROC = 0.688
2025-01-12 00:57:02,206 - INFO - Epoch 2 - VAL - Batch 10 - Loss = 0.258 | AUROC = 0.653
2025-01-12 00:57:02,982 - INFO - Epoch 2 - VAL - Batch 20 - Loss = 0.242 | AUROC = 0.656
2025-01-12 00:57:03,763 - INFO - Epoch 2 - VAL - Batch 30 - Loss = 0.242 | AUROC = 0.728
2025-01-12 00:57:04,535 - INFO - Epoch 2 - VAL - Batch 40 - Loss = 0.214 | AUROC = 0.806
2025-01-12 00:57:05,329 - INFO - Epoch 2 - VAL - Batch 50 - Loss = 0.237 | AUROC = 0.624
2025-01-12 00:57:06,126 - INFO - Epoch 2 - VAL - Batch 60 - Loss = 0.266 | AUROC = 0.568
2025-01-12 00:57:06,910 - INFO - Epoch 2 - VAL - Batch 70 - Loss = 0.252 | AUROC = 0.778
2025-01-12 00:57:07,703 - INFO - Epoch 2 - VAL - Batch 80 - Loss = 0.242 | AUROC = 0.706
2025-01-12 00:57:08,508 - INFO - Epoch 2 - VAL - Batch 90 - Loss = 0.237 | AUROC = 0.662
2025-01-12 00:57:09,249 - INFO - Epoch 2 - VAL - Batch 100 - Loss = 0.259 | AUROC = 0.847
2025-01-12 00:57:09,335 - INFO - TRAIN phase
2025-01-12 00:57:09,625 - INFO - Epoch 3 - TRAIN - Batch 0 - Loss = 0.163 | AUROC = 0.94
2025-01-12 00:57:12,492 - INFO - Epoch 3 - TRAIN - Batch 10 - Loss = 0.166 | AUROC = 0.939
2025-01-12 00:57:15,350 - INFO - Epoch 3 - TRAIN - Batch 20 - Loss = 0.141 | AUROC = 0.951
2025-01-12 00:57:18,202 - INFO - Epoch 3 - TRAIN - Batch 30 - Loss = 0.151 | AUROC = 0.96
2025-01-12 00:57:21,053 - INFO - Epoch 3 - TRAIN - Batch 40 - Loss = 0.149 | AUROC = 0.951
2025-01-12 00:57:23,909 - INFO - Epoch 3 - TRAIN - Batch 50 - Loss = 0.142 | AUROC = 0.952
2025-01-12 00:57:26,769 - INFO - Epoch 3 - TRAIN - Batch 60 - Loss = 0.166 | AUROC = 0.923
2025-01-12 00:57:29,623 - INFO - Epoch 3 - TRAIN - Batch 70 - Loss = 0.16 | AUROC = 0.938
2025-01-12 00:57:32,481 - INFO - Epoch 3 - TRAIN - Batch 80 - Loss = 0.152 | AUROC = 0.962
2025-01-12 00:57:35,334 - INFO - Epoch 3 - TRAIN - Batch 90 - Loss = 0.165 | AUROC = 0.937
2025-01-12 00:57:38,190 - INFO - Epoch 3 - TRAIN - Batch 100 - Loss = 0.146 | AUROC = 0.959
2025-01-12 00:57:41,048 - INFO - Epoch 3 - TRAIN - Batch 110 - Loss = 0.149 | AUROC = 0.938
2025-01-12 00:57:43,914 - INFO - Epoch 3 - TRAIN - Batch 120 - Loss = 0.149 | AUROC = 0.955
2025-01-12 00:57:46,777 - INFO - Epoch 3 - TRAIN - Batch 130 - Loss = 0.144 | AUROC = 0.946
2025-01-12 00:57:49,640 - INFO - Epoch 3 - TRAIN - Batch 140 - Loss = 0.161 | AUROC = 0.939
2025-01-12 00:57:52,552 - INFO - Epoch 3 - TRAIN - Batch 150 - Loss = 0.157 | AUROC = 0.923
2025-01-12 00:57:55,457 - INFO - Epoch 3 - TRAIN - Batch 160 - Loss = 0.138 | AUROC = 0.927
2025-01-12 00:57:58,420 - INFO - Epoch 3 - TRAIN - Batch 170 - Loss = 0.151 | AUROC = 0.956
2025-01-12 00:58:01,371 - INFO - Epoch 3 - TRAIN - Batch 180 - Loss = 0.138 | AUROC = 0.95
2025-01-12 00:58:04,342 - INFO - Epoch 3 - TRAIN - Batch 190 - Loss = 0.154 | AUROC = 0.934
2025-01-12 00:58:07,116 - INFO - Epoch 3 - TRAIN - Batch 200 - Loss = 0.168 | AUROC = 0.923
2025-01-12 00:58:07,116 - INFO - VAL phase
2025-01-12 00:58:07,200 - INFO - Epoch 3 - VAL - Batch 0 - Loss = 0.245 | AUROC = 0.677
2025-01-12 00:58:07,996 - INFO - Epoch 3 - VAL - Batch 10 - Loss = 0.26 | AUROC = 0.652
2025-01-12 00:58:08,802 - INFO - Epoch 3 - VAL - Batch 20 - Loss = 0.243 | AUROC = 0.651
2025-01-12 00:58:09,606 - INFO - Epoch 3 - VAL - Batch 30 - Loss = 0.247 | AUROC = 0.726
2025-01-12 00:58:10,409 - INFO - Epoch 3 - VAL - Batch 40 - Loss = 0.214 | AUROC = 0.808
2025-01-12 00:58:11,224 - INFO - Epoch 3 - VAL - Batch 50 - Loss = 0.248 | AUROC = 0.594
2025-01-12 00:58:12,037 - INFO - Epoch 3 - VAL - Batch 60 - Loss = 0.273 | AUROC = 0.562
2025-01-12 00:58:12,841 - INFO - Epoch 3 - VAL - Batch 70 - Loss = 0.255 | AUROC = 0.787
2025-01-12 00:58:13,643 - INFO - Epoch 3 - VAL - Batch 80 - Loss = 0.256 | AUROC = 0.657
2025-01-12 00:58:14,449 - INFO - Epoch 3 - VAL - Batch 90 - Loss = 0.245 | AUROC = 0.656
2025-01-12 00:58:15,206 - INFO - Epoch 3 - VAL - Batch 100 - Loss = 0.268 | AUROC = 0.889
2025-01-12 00:58:15,294 - INFO - TRAIN phase
2025-01-12 00:58:15,587 - INFO - Epoch 4 - TRAIN - Batch 0 - Loss = 0.137 | AUROC = 0.973
2025-01-12 00:58:18,488 - INFO - Epoch 4 - TRAIN - Batch 10 - Loss = 0.135 | AUROC = 0.979
2025-01-12 00:58:21,378 - INFO - Epoch 4 - TRAIN - Batch 20 - Loss = 0.127 | AUROC = 0.977
2025-01-12 00:58:24,265 - INFO - Epoch 4 - TRAIN - Batch 30 - Loss = 0.138 | AUROC = 0.979
2025-01-12 00:58:27,155 - INFO - Epoch 4 - TRAIN - Batch 40 - Loss = 0.128 | AUROC = 0.968
2025-01-12 00:58:30,048 - INFO - Epoch 4 - TRAIN - Batch 50 - Loss = 0.137 | AUROC = 0.971
2025-01-12 00:58:32,943 - INFO - Epoch 4 - TRAIN - Batch 60 - Loss = 0.122 | AUROC = 0.98
2025-01-12 00:58:35,840 - INFO - Epoch 4 - TRAIN - Batch 70 - Loss = 0.116 | AUROC = 0.975
2025-01-12 00:58:38,736 - INFO - Epoch 4 - TRAIN - Batch 80 - Loss = 0.13 | AUROC = 0.975
2025-01-12 00:58:41,626 - INFO - Epoch 4 - TRAIN - Batch 90 - Loss = 0.129 | AUROC = 0.968
2025-01-12 00:58:44,521 - INFO - Epoch 4 - TRAIN - Batch 100 - Loss = 0.117 | AUROC = 0.98
2025-01-12 00:58:47,416 - INFO - Epoch 4 - TRAIN - Batch 110 - Loss = 0.118 | AUROC = 0.964
2025-01-12 00:58:50,308 - INFO - Epoch 4 - TRAIN - Batch 120 - Loss = 0.122 | AUROC = 0.976
2025-01-12 00:58:53,200 - INFO - Epoch 4 - TRAIN - Batch 130 - Loss = 0.13 | AUROC = 0.974
2025-01-12 00:58:56,103 - INFO - Epoch 4 - TRAIN - Batch 140 - Loss = 0.126 | AUROC = 0.968
2025-01-12 00:58:59,050 - INFO - Epoch 4 - TRAIN - Batch 150 - Loss = 0.128 | AUROC = 0.968
2025-01-12 00:59:02,066 - INFO - Epoch 4 - TRAIN - Batch 160 - Loss = 0.12 | AUROC = 0.961
2025-01-12 00:59:05,129 - INFO - Epoch 4 - TRAIN - Batch 170 - Loss = 0.109 | AUROC = 0.978
2025-01-12 00:59:08,170 - INFO - Epoch 4 - TRAIN - Batch 180 - Loss = 0.116 | AUROC = 0.975
2025-01-12 00:59:11,197 - INFO - Epoch 4 - TRAIN - Batch 190 - Loss = 0.122 | AUROC = 0.978
2025-01-12 00:59:13,968 - INFO - Epoch 4 - TRAIN - Batch 200 - Loss = 0.138 | AUROC = 0.967
2025-01-12 00:59:13,969 - INFO - VAL phase
2025-01-12 00:59:14,062 - INFO - Epoch 4 - VAL - Batch 0 - Loss = 0.256 | AUROC = 0.692
2025-01-12 00:59:14,897 - INFO - Epoch 4 - VAL - Batch 10 - Loss = 0.278 | AUROC = 0.633
2025-01-12 00:59:15,715 - INFO - Epoch 4 - VAL - Batch 20 - Loss = 0.252 | AUROC = 0.677
2025-01-12 00:59:16,540 - INFO - Epoch 4 - VAL - Batch 30 - Loss = 0.26 | AUROC = 0.723
2025-01-12 00:59:17,351 - INFO - Epoch 4 - VAL - Batch 40 - Loss = 0.222 | AUROC = 0.804
2025-01-12 00:59:18,181 - INFO - Epoch 4 - VAL - Batch 50 - Loss = 0.249 | AUROC = 0.596
2025-01-12 00:59:18,993 - INFO - Epoch 4 - VAL - Batch 60 - Loss = 0.281 | AUROC = 0.561
2025-01-12 00:59:19,830 - INFO - Epoch 4 - VAL - Batch 70 - Loss = 0.267 | AUROC = 0.779
2025-01-12 00:59:20,624 - INFO - Epoch 4 - VAL - Batch 80 - Loss = 0.256 | AUROC = 0.663
2025-01-12 00:59:21,437 - INFO - Epoch 4 - VAL - Batch 90 - Loss = 0.252 | AUROC = 0.656
2025-01-12 00:59:22,211 - INFO - Epoch 4 - VAL - Batch 100 - Loss = 0.299 | AUROC = 0.727
2025-01-12 00:59:22,302 - INFO - TRAIN phase
2025-01-12 00:59:22,600 - INFO - Epoch 5 - TRAIN - Batch 0 - Loss = 0.099 | AUROC = 0.995
2025-01-12 00:59:25,519 - INFO - Epoch 5 - TRAIN - Batch 10 - Loss = 0.094 | AUROC = 0.994
2025-01-12 00:59:28,434 - INFO - Epoch 5 - TRAIN - Batch 20 - Loss = 0.098 | AUROC = 0.992
2025-01-12 00:59:31,311 - INFO - Epoch 5 - TRAIN - Batch 30 - Loss = 0.103 | AUROC = 0.991
2025-01-12 00:59:34,194 - INFO - Epoch 5 - TRAIN - Batch 40 - Loss = 0.113 | AUROC = 0.987
2025-01-12 00:59:37,079 - INFO - Epoch 5 - TRAIN - Batch 50 - Loss = 0.103 | AUROC = 0.988
2025-01-12 00:59:39,957 - INFO - Epoch 5 - TRAIN - Batch 60 - Loss = 0.095 | AUROC = 0.992
2025-01-12 00:59:42,843 - INFO - Epoch 5 - TRAIN - Batch 70 - Loss = 0.108 | AUROC = 0.984
2025-01-12 00:59:45,715 - INFO - Epoch 5 - TRAIN - Batch 80 - Loss = 0.1 | AUROC = 0.988
2025-01-12 00:59:48,611 - INFO - Epoch 5 - TRAIN - Batch 90 - Loss = 0.111 | AUROC = 0.988
2025-01-12 00:59:51,479 - INFO - Epoch 5 - TRAIN - Batch 100 - Loss = 0.093 | AUROC = 0.99
2025-01-12 00:59:54,366 - INFO - Epoch 5 - TRAIN - Batch 110 - Loss = 0.106 | AUROC = 0.991
2025-01-12 00:59:57,235 - INFO - Epoch 5 - TRAIN - Batch 120 - Loss = 0.096 | AUROC = 0.988
2025-01-12 01:00:00,112 - INFO - Epoch 5 - TRAIN - Batch 130 - Loss = 0.105 | AUROC = 0.979
2025-01-12 01:00:02,994 - INFO - Epoch 5 - TRAIN - Batch 140 - Loss = 0.103 | AUROC = 0.985
2025-01-12 01:00:05,887 - INFO - Epoch 5 - TRAIN - Batch 150 - Loss = 0.112 | AUROC = 0.986
2025-01-12 01:00:08,758 - INFO - Epoch 5 - TRAIN - Batch 160 - Loss = 0.11 | AUROC = 0.965
2025-01-12 01:00:11,652 - INFO - Epoch 5 - TRAIN - Batch 170 - Loss = 0.107 | AUROC = 0.978
2025-01-12 01:00:14,651 - INFO - Epoch 5 - TRAIN - Batch 180 - Loss = 0.086 | AUROC = 0.992
2025-01-12 01:00:17,655 - INFO - Epoch 5 - TRAIN - Batch 190 - Loss = 0.104 | AUROC = 0.982
2025-01-12 01:00:20,417 - INFO - Epoch 5 - TRAIN - Batch 200 - Loss = 0.108 | AUROC = 0.986
2025-01-12 01:00:20,419 - INFO - VAL phase
2025-01-12 01:00:20,504 - INFO - Epoch 5 - VAL - Batch 0 - Loss = 0.275 | AUROC = 0.679
2025-01-12 01:00:21,313 - INFO - Epoch 5 - VAL - Batch 10 - Loss = 0.29 | AUROC = 0.634
2025-01-12 01:00:22,128 - INFO - Epoch 5 - VAL - Batch 20 - Loss = 0.267 | AUROC = 0.642
2025-01-12 01:00:22,938 - INFO - Epoch 5 - VAL - Batch 30 - Loss = 0.263 | AUROC = 0.737
2025-01-12 01:00:23,743 - INFO - Epoch 5 - VAL - Batch 40 - Loss = 0.233 | AUROC = 0.788
2025-01-12 01:00:24,559 - INFO - Epoch 5 - VAL - Batch 50 - Loss = 0.259 | AUROC = 0.602
2025-01-12 01:00:25,383 - INFO - Epoch 5 - VAL - Batch 60 - Loss = 0.302 | AUROC = 0.519
2025-01-12 01:00:26,196 - INFO - Epoch 5 - VAL - Batch 70 - Loss = 0.285 | AUROC = 0.79
2025-01-12 01:00:27,006 - INFO - Epoch 5 - VAL - Batch 80 - Loss = 0.262 | AUROC = 0.652
2025-01-12 01:00:27,866 - INFO - Epoch 5 - VAL - Batch 90 - Loss = 0.263 | AUROC = 0.658
2025-01-12 01:00:28,635 - INFO - Epoch 5 - VAL - Batch 100 - Loss = 0.31 | AUROC = 0.727
2025-01-12 01:00:28,729 - INFO - TRAIN phase
2025-01-12 01:00:29,046 - INFO - Epoch 6 - TRAIN - Batch 0 - Loss = 0.082 | AUROC = 0.991
2025-01-12 01:00:32,131 - INFO - Epoch 6 - TRAIN - Batch 10 - Loss = 0.082 | AUROC = 0.992
2025-01-12 01:00:35,066 - INFO - Epoch 6 - TRAIN - Batch 20 - Loss = 0.088 | AUROC = 0.993
2025-01-12 01:00:38,011 - INFO - Epoch 6 - TRAIN - Batch 30 - Loss = 0.073 | AUROC = 0.999
2025-01-12 01:00:40,997 - INFO - Epoch 6 - TRAIN - Batch 40 - Loss = 0.075 | AUROC = 0.998
2025-01-12 01:00:43,942 - INFO - Epoch 6 - TRAIN - Batch 50 - Loss = 0.076 | AUROC = 0.998
2025-01-12 01:00:46,848 - INFO - Epoch 6 - TRAIN - Batch 60 - Loss = 0.079 | AUROC = 0.994
2025-01-12 01:00:49,754 - INFO - Epoch 6 - TRAIN - Batch 70 - Loss = 0.083 | AUROC = 0.994
2025-01-12 01:00:52,666 - INFO - Epoch 6 - TRAIN - Batch 80 - Loss = 0.101 | AUROC = 0.98
2025-01-12 01:00:55,574 - INFO - Epoch 6 - TRAIN - Batch 90 - Loss = 0.077 | AUROC = 0.995
2025-01-12 01:00:58,490 - INFO - Epoch 6 - TRAIN - Batch 100 - Loss = 0.086 | AUROC = 0.995
2025-01-12 01:01:01,482 - INFO - Epoch 6 - TRAIN - Batch 110 - Loss = 0.08 | AUROC = 0.993
2025-01-12 01:01:04,432 - INFO - Epoch 6 - TRAIN - Batch 120 - Loss = 0.08 | AUROC = 0.995
2025-01-12 01:01:07,373 - INFO - Epoch 6 - TRAIN - Batch 130 - Loss = 0.085 | AUROC = 0.995
2025-01-12 01:01:10,591 - INFO - Epoch 6 - TRAIN - Batch 140 - Loss = 0.077 | AUROC = 0.995
2025-01-12 01:01:13,693 - INFO - Epoch 6 - TRAIN - Batch 150 - Loss = 0.088 | AUROC = 0.987
2025-01-12 01:01:16,749 - INFO - Epoch 6 - TRAIN - Batch 160 - Loss = 0.07 | AUROC = 0.994
2025-01-12 01:01:19,738 - INFO - Epoch 6 - TRAIN - Batch 170 - Loss = 0.081 | AUROC = 0.994
2025-01-12 01:01:22,653 - INFO - Epoch 6 - TRAIN - Batch 180 - Loss = 0.088 | AUROC = 0.99
2025-01-12 01:01:25,594 - INFO - Epoch 6 - TRAIN - Batch 190 - Loss = 0.072 | AUROC = 0.996
2025-01-12 01:01:28,299 - INFO - Epoch 6 - TRAIN - Batch 200 - Loss = 0.077 | AUROC = 0.995
2025-01-12 01:01:28,314 - INFO - VAL phase
2025-01-12 01:01:28,393 - INFO - Epoch 6 - VAL - Batch 0 - Loss = 0.284 | AUROC = 0.675
2025-01-12 01:01:29,210 - INFO - Epoch 6 - VAL - Batch 10 - Loss = 0.298 | AUROC = 0.643
2025-01-12 01:01:30,022 - INFO - Epoch 6 - VAL - Batch 20 - Loss = 0.277 | AUROC = 0.643
2025-01-12 01:01:30,846 - INFO - Epoch 6 - VAL - Batch 30 - Loss = 0.284 | AUROC = 0.747
2025-01-12 01:01:31,659 - INFO - Epoch 6 - VAL - Batch 40 - Loss = 0.246 | AUROC = 0.787
2025-01-12 01:01:32,475 - INFO - Epoch 6 - VAL - Batch 50 - Loss = 0.271 | AUROC = 0.596
2025-01-12 01:01:33,305 - INFO - Epoch 6 - VAL - Batch 60 - Loss = 0.314 | AUROC = 0.529
2025-01-12 01:01:34,120 - INFO - Epoch 6 - VAL - Batch 70 - Loss = 0.294 | AUROC = 0.784
2025-01-12 01:01:34,947 - INFO - Epoch 6 - VAL - Batch 80 - Loss = 0.277 | AUROC = 0.661
2025-01-12 01:01:35,763 - INFO - Epoch 6 - VAL - Batch 90 - Loss = 0.278 | AUROC = 0.67
2025-01-12 01:01:36,525 - INFO - Epoch 6 - VAL - Batch 100 - Loss = 0.339 | AUROC = 0.648
2025-01-12 01:01:36,613 - INFO - TRAIN phase
2025-01-12 01:01:36,940 - INFO - Epoch 7 - TRAIN - Batch 0 - Loss = 0.06 | AUROC = 0.999
2025-01-12 01:01:39,979 - INFO - Epoch 7 - TRAIN - Batch 10 - Loss = 0.065 | AUROC = 0.998
2025-01-12 01:01:42,964 - INFO - Epoch 7 - TRAIN - Batch 20 - Loss = 0.057 | AUROC = 0.998
2025-01-12 01:01:45,881 - INFO - Epoch 7 - TRAIN - Batch 30 - Loss = 0.058 | AUROC = 0.998
2025-01-12 01:01:48,858 - INFO - Epoch 7 - TRAIN - Batch 40 - Loss = 0.056 | AUROC = 0.999
2025-01-12 01:01:51,853 - INFO - Epoch 7 - TRAIN - Batch 50 - Loss = 0.061 | AUROC = 0.999
2025-01-12 01:01:54,698 - INFO - Epoch 7 - TRAIN - Batch 60 - Loss = 0.054 | AUROC = 0.999
2025-01-12 01:01:57,526 - INFO - Epoch 7 - TRAIN - Batch 70 - Loss = 0.07 | AUROC = 0.996
2025-01-12 01:02:00,356 - INFO - Epoch 7 - TRAIN - Batch 80 - Loss = 0.06 | AUROC = 0.999
2025-01-12 01:02:03,221 - INFO - Epoch 7 - TRAIN - Batch 90 - Loss = 0.07 | AUROC = 0.992
2025-01-12 01:02:06,086 - INFO - Epoch 7 - TRAIN - Batch 100 - Loss = 0.08 | AUROC = 0.99
2025-01-12 01:02:08,960 - INFO - Epoch 7 - TRAIN - Batch 110 - Loss = 0.058 | AUROC = 0.998
2025-01-12 01:02:11,819 - INFO - Epoch 7 - TRAIN - Batch 120 - Loss = 0.056 | AUROC = 0.999
2025-01-12 01:02:14,685 - INFO - Epoch 7 - TRAIN - Batch 130 - Loss = 0.061 | AUROC = 0.996
2025-01-12 01:02:17,593 - INFO - Epoch 7 - TRAIN - Batch 140 - Loss = 0.059 | AUROC = 0.997
2025-01-12 01:02:20,464 - INFO - Epoch 7 - TRAIN - Batch 150 - Loss = 0.064 | AUROC = 0.996
2025-01-12 01:02:23,323 - INFO - Epoch 7 - TRAIN - Batch 160 - Loss = 0.065 | AUROC = 0.993
2025-01-12 01:02:26,168 - INFO - Epoch 7 - TRAIN - Batch 170 - Loss = 0.072 | AUROC = 0.992
2025-01-12 01:02:29,028 - INFO - Epoch 7 - TRAIN - Batch 180 - Loss = 0.076 | AUROC = 0.992
2025-01-12 01:02:31,982 - INFO - Epoch 7 - TRAIN - Batch 190 - Loss = 0.062 | AUROC = 0.994
2025-01-12 01:02:34,696 - INFO - Epoch 7 - TRAIN - Batch 200 - Loss = 0.063 | AUROC = 1.0
2025-01-12 01:02:34,696 - INFO - VAL phase
2025-01-12 01:02:34,790 - INFO - Epoch 7 - VAL - Batch 0 - Loss = 0.297 | AUROC = 0.674
2025-01-12 01:02:35,605 - INFO - Epoch 7 - VAL - Batch 10 - Loss = 0.314 | AUROC = 0.651
2025-01-12 01:02:36,417 - INFO - Epoch 7 - VAL - Batch 20 - Loss = 0.295 | AUROC = 0.641
2025-01-12 01:02:37,254 - INFO - Epoch 7 - VAL - Batch 30 - Loss = 0.296 | AUROC = 0.733
2025-01-12 01:02:38,060 - INFO - Epoch 7 - VAL - Batch 40 - Loss = 0.251 | AUROC = 0.789
2025-01-12 01:02:38,878 - INFO - Epoch 7 - VAL - Batch 50 - Loss = 0.276 | AUROC = 0.615
2025-01-12 01:02:39,680 - INFO - Epoch 7 - VAL - Batch 60 - Loss = 0.331 | AUROC = 0.52
2025-01-12 01:02:40,514 - INFO - Epoch 7 - VAL - Batch 70 - Loss = 0.316 | AUROC = 0.755
2025-01-12 01:02:41,328 - INFO - Epoch 7 - VAL - Batch 80 - Loss = 0.29 | AUROC = 0.644
2025-01-12 01:02:42,127 - INFO - Epoch 7 - VAL - Batch 90 - Loss = 0.302 | AUROC = 0.632
2025-01-12 01:02:42,867 - INFO - Epoch 7 - VAL - Batch 100 - Loss = 0.37 | AUROC = 0.648
2025-01-12 01:02:42,951 - INFO - TRAIN phase
2025-01-12 01:02:43,289 - INFO - Epoch 8 - TRAIN - Batch 0 - Loss = 0.05 | AUROC = 0.999
2025-01-12 01:02:46,338 - INFO - Epoch 8 - TRAIN - Batch 10 - Loss = 0.054 | AUROC = 0.997
2025-01-12 01:02:49,287 - INFO - Epoch 8 - TRAIN - Batch 20 - Loss = 0.049 | AUROC = 1.0
2025-01-12 01:02:52,206 - INFO - Epoch 8 - TRAIN - Batch 30 - Loss = 0.048 | AUROC = 0.999
2025-01-12 01:02:55,112 - INFO - Epoch 8 - TRAIN - Batch 40 - Loss = 0.058 | AUROC = 0.995
2025-01-12 01:02:58,000 - INFO - Epoch 8 - TRAIN - Batch 50 - Loss = 0.051 | AUROC = 0.998
2025-01-12 01:03:00,894 - INFO - Epoch 8 - TRAIN - Batch 60 - Loss = 0.051 | AUROC = 0.998
2025-01-12 01:03:03,776 - INFO - Epoch 8 - TRAIN - Batch 70 - Loss = 0.064 | AUROC = 0.995
2025-01-12 01:03:06,696 - INFO - Epoch 8 - TRAIN - Batch 80 - Loss = 0.05 | AUROC = 0.998
2025-01-12 01:03:09,755 - INFO - Epoch 8 - TRAIN - Batch 90 - Loss = 0.043 | AUROC = 0.999
2025-01-12 01:03:12,857 - INFO - Epoch 8 - TRAIN - Batch 100 - Loss = 0.059 | AUROC = 0.998
2025-01-12 01:03:15,792 - INFO - Epoch 8 - TRAIN - Batch 110 - Loss = 0.047 | AUROC = 0.998
2025-01-12 01:03:18,720 - INFO - Epoch 8 - TRAIN - Batch 120 - Loss = 0.044 | AUROC = 0.997
2025-01-12 01:03:21,665 - INFO - Epoch 8 - TRAIN - Batch 130 - Loss = 0.05 | AUROC = 0.999
2025-01-12 01:03:24,620 - INFO - Epoch 8 - TRAIN - Batch 140 - Loss = 0.059 | AUROC = 0.995
2025-01-12 01:03:27,541 - INFO - Epoch 8 - TRAIN - Batch 150 - Loss = 0.05 | AUROC = 0.996
2025-01-12 01:03:30,480 - INFO - Epoch 8 - TRAIN - Batch 160 - Loss = 0.042 | AUROC = 1.0
2025-01-12 01:03:33,422 - INFO - Epoch 8 - TRAIN - Batch 170 - Loss = 0.06 | AUROC = 0.997
2025-01-12 01:03:36,366 - INFO - Epoch 8 - TRAIN - Batch 180 - Loss = 0.055 | AUROC = 0.995
2025-01-12 01:03:39,262 - INFO - Epoch 8 - TRAIN - Batch 190 - Loss = 0.074 | AUROC = 0.994
2025-01-12 01:03:41,994 - INFO - Epoch 8 - TRAIN - Batch 200 - Loss = 0.09 | AUROC = 0.991
2025-01-12 01:03:41,994 - INFO - VAL phase
2025-01-12 01:03:42,087 - INFO - Epoch 8 - VAL - Batch 0 - Loss = 0.308 | AUROC = 0.678
2025-01-12 01:03:42,903 - INFO - Epoch 8 - VAL - Batch 10 - Loss = 0.337 | AUROC = 0.591
2025-01-12 01:03:43,734 - INFO - Epoch 8 - VAL - Batch 20 - Loss = 0.3 | AUROC = 0.695
2025-01-12 01:03:44,533 - INFO - Epoch 8 - VAL - Batch 30 - Loss = 0.306 | AUROC = 0.752
2025-01-12 01:03:45,364 - INFO - Epoch 8 - VAL - Batch 40 - Loss = 0.266 | AUROC = 0.8
2025-01-12 01:03:46,177 - INFO - Epoch 8 - VAL - Batch 50 - Loss = 0.297 | AUROC = 0.6
2025-01-12 01:03:46,988 - INFO - Epoch 8 - VAL - Batch 60 - Loss = 0.335 | AUROC = 0.538
2025-01-12 01:03:47,803 - INFO - Epoch 8 - VAL - Batch 70 - Loss = 0.333 | AUROC = 0.773
2025-01-12 01:03:48,619 - INFO - Epoch 8 - VAL - Batch 80 - Loss = 0.29 | AUROC = 0.655
2025-01-12 01:03:49,417 - INFO - Epoch 8 - VAL - Batch 90 - Loss = 0.317 | AUROC = 0.641
2025-01-12 01:03:50,155 - INFO - Epoch 8 - VAL - Batch 100 - Loss = 0.395 | AUROC = 0.611
2025-01-12 01:03:50,171 - INFO - TRAIN phase
2025-01-12 01:03:50,468 - INFO - Epoch 9 - TRAIN - Batch 0 - Loss = 0.033 | AUROC = 1.0
2025-01-12 01:03:53,400 - INFO - Epoch 9 - TRAIN - Batch 10 - Loss = 0.031 | AUROC = 0.999
2025-01-12 01:03:56,310 - INFO - Epoch 9 - TRAIN - Batch 20 - Loss = 0.04 | AUROC = 0.999
2025-01-12 01:03:59,370 - INFO - Epoch 9 - TRAIN - Batch 30 - Loss = 0.041 | AUROC = 0.998
2025-01-12 01:04:02,389 - INFO - Epoch 9 - TRAIN - Batch 40 - Loss = 0.049 | AUROC = 0.983
2025-01-12 01:04:05,406 - INFO - Epoch 9 - TRAIN - Batch 50 - Loss = 0.038 | AUROC = 0.999
2025-01-12 01:04:08,363 - INFO - Epoch 9 - TRAIN - Batch 60 - Loss = 0.033 | AUROC = 0.999
2025-01-12 01:04:11,293 - INFO - Epoch 9 - TRAIN - Batch 70 - Loss = 0.05 | AUROC = 0.998
2025-01-12 01:04:14,224 - INFO - Epoch 9 - TRAIN - Batch 80 - Loss = 0.051 | AUROC = 0.994
2025-01-12 01:04:17,148 - INFO - Epoch 9 - TRAIN - Batch 90 - Loss = 0.039 | AUROC = 0.999
2025-01-12 01:04:20,069 - INFO - Epoch 9 - TRAIN - Batch 100 - Loss = 0.055 | AUROC = 0.995
2025-01-12 01:04:23,001 - INFO - Epoch 9 - TRAIN - Batch 110 - Loss = 0.039 | AUROC = 0.999
2025-01-12 01:04:25,866 - INFO - Epoch 9 - TRAIN - Batch 120 - Loss = 0.045 | AUROC = 0.998
2025-01-12 01:04:28,730 - INFO - Epoch 9 - TRAIN - Batch 130 - Loss = 0.03 | AUROC = 1.0
2025-01-12 01:04:31,577 - INFO - Epoch 9 - TRAIN - Batch 140 - Loss = 0.05 | AUROC = 0.997
2025-01-12 01:04:34,435 - INFO - Epoch 9 - TRAIN - Batch 150 - Loss = 0.062 | AUROC = 0.995
2025-01-12 01:04:37,276 - INFO - Epoch 9 - TRAIN - Batch 160 - Loss = 0.055 | AUROC = 0.993
2025-01-12 01:04:40,258 - INFO - Epoch 9 - TRAIN - Batch 170 - Loss = 0.041 | AUROC = 0.998
2025-01-12 01:04:43,314 - INFO - Epoch 9 - TRAIN - Batch 180 - Loss = 0.053 | AUROC = 0.996
2025-01-12 01:04:46,320 - INFO - Epoch 9 - TRAIN - Batch 190 - Loss = 0.063 | AUROC = 0.995
2025-01-12 01:04:49,100 - INFO - Epoch 9 - TRAIN - Batch 200 - Loss = 0.085 | AUROC = 0.989
2025-01-12 01:04:49,100 - INFO - VAL phase
2025-01-12 01:04:49,189 - INFO - Epoch 9 - VAL - Batch 0 - Loss = 0.314 | AUROC = 0.7
2025-01-12 01:04:50,033 - INFO - Epoch 9 - VAL - Batch 10 - Loss = 0.352 | AUROC = 0.595
2025-01-12 01:04:50,867 - INFO - Epoch 9 - VAL - Batch 20 - Loss = 0.324 | AUROC = 0.643
2025-01-12 01:04:51,700 - INFO - Epoch 9 - VAL - Batch 30 - Loss = 0.32 | AUROC = 0.738
2025-01-12 01:04:52,526 - INFO - Epoch 9 - VAL - Batch 40 - Loss = 0.274 | AUROC = 0.786
2025-01-12 01:04:53,359 - INFO - Epoch 9 - VAL - Batch 50 - Loss = 0.309 | AUROC = 0.6
2025-01-12 01:04:54,186 - INFO - Epoch 9 - VAL - Batch 60 - Loss = 0.346 | AUROC = 0.51
2025-01-12 01:04:54,999 - INFO - Epoch 9 - VAL - Batch 70 - Loss = 0.337 | AUROC = 0.778
2025-01-12 01:04:55,810 - INFO - Epoch 9 - VAL - Batch 80 - Loss = 0.307 | AUROC = 0.62
2025-01-12 01:04:56,629 - INFO - Epoch 9 - VAL - Batch 90 - Loss = 0.334 | AUROC = 0.616
2025-01-12 01:04:57,401 - INFO - Epoch 9 - VAL - Batch 100 - Loss = 0.41 | AUROC = 0.648
